[Licensing::Module] Trying to connect to existing licensing client channel...
Built from '6000.3/staging' branch; Version is '6000.3.12f1 (fca03ac9b0d5) revision 16556090'; Using compiler version '194234433'; Build Type 'Release'
[Licensing::IpcConnector] Successfully connected to: "LicenseClient-buhar" at "2026-04-23T22:02:56.6702384Z"
OS: 'Windows 11  (10.0.26200) Professional' Language: 'ru' Physical Memory: 16305 MB
BatchMode: 1, IsHumanControllingUs: 0, StartBugReporterOnCrash: 0, Is64bit: 1
System  architecture: x64
Process architecture: x64
Date: 2026-04-23T22:02:56Z

COMMAND LINE ARGUMENTS:
D:\unityEditors\6000.3.12f1\Editor\Unity.exe
-adb2
-batchMode
-noUpm
-name
AssetImportWorker1
-projectPath
C:/Users/buhar/Documents/GitHub/unity-game
-logFile
Logs/AssetImportWorker1.log
-srvPort
61609
-licensingIpc
LicenseClient-buhar
-job-worker-count
7
-background-job-worker-count
8
-gc-helper-count
1
-name
AssetImport
Successfully changed project path to: C:/Users/buhar/Documents/GitHub/unity-game
C:/Users/buhar/Documents/GitHub/unity-game
[UnityMemory] Configuration Parameters - Can be set up in boot.config
    "memorysetup-temp-allocator-size-nav-mesh-worker=65536"
    "memorysetup-temp-allocator-size-audio-worker=65536"
    "memorysetup-temp-allocator-size-gfx=262144"
    "memorysetup-allocator-temp-initial-block-size-main=262144"
    "memorysetup-allocator-temp-initial-block-size-worker=262144"
    "memorysetup-temp-allocator-size-background-worker=32768"
    "memorysetup-temp-allocator-size-job-worker=262144"
    "memorysetup-temp-allocator-size-preload-manager=33554432"
    "memorysetup-temp-allocator-size-gi-baking-worker=262144"
    "memorysetup-temp-allocator-size-gi-baking-worker=262144"
    "memorysetup-temp-allocator-size-gi-baking-worker=262144"
    "memorysetup-temp-allocator-size-gi-baking-worker=262144"
    "memorysetup-temp-allocator-size-gi-baking-worker=262144"
    "memorysetup-bucket-allocator-granularity=16"
    "memorysetup-bucket-allocator-bucket-count=8"
    "memorysetup-bucket-allocator-block-size=33554432"
    "memorysetup-bucket-allocator-block-count=8"
    "memorysetup-main-allocator-block-size=16777216"
    "memorysetup-thread-allocator-block-size=16777216"
    "memorysetup-gfx-main-allocator-block-size=16777216"
    "memorysetup-gfx-thread-allocator-block-size=16777216"
    "memorysetup-cache-allocator-block-size=4194304"
    "memorysetup-typetree-allocator-block-size=2097152"
    "memorysetup-profiler-bucket-allocator-granularity=16"
    "memorysetup-profiler-bucket-allocator-bucket-count=8"
    "memorysetup-profiler-bucket-allocator-block-size=33554432"
    "memorysetup-profiler-bucket-allocator-block-count=8"
    "memorysetup-profiler-allocator-block-size=16777216"
    "memorysetup-profiler-editor-allocator-block-size=1048576"
    "memorysetup-temp-allocator-size-main=16777216"
    "memorysetup-job-temp-allocator-block-size=2097152"
    "memorysetup-job-temp-allocator-block-size-background=1048576"
    "memorysetup-job-temp-allocator-reduction-small-platforms=262144"
    "memorysetup-temp-allocator-size-cloud-worker=32768"
Player connection [18428]  Target information:

Player connection [18428]  * "[IP] 192.168.1.4 [Port] 0 [Flags] 2 [Guid] 1787505239 [EditorId] 1787505239 [Version] 1048832 [Id] WindowsEditor(7,MyHome) [Debug] 1 [PackageName] WindowsEditor [ProjectName] Editor" 

Player connection [18428]  * "[IP] 26.140.49.209 [Port] 0 [Flags] 2 [Guid] 1787505239 [EditorId] 1787505239 [Version] 1048832 [Id] WindowsEditor(7,MyHome) [Debug] 1 [PackageName] WindowsEditor [ProjectName] Editor" 

Player connection [18428] Host joined multi-casting on [225.0.0.222:54997]...
Player connection [18428] Host joined alternative multi-casting on [225.0.0.222:34997]...
JobSystem: Creating JobQueue using job-worker-count value 7
Input System module state changed to: Initialized.
[Physics::Module] Initialized fallback backend.
[Physics::Module] Id: 0xdecafbad
Library Redirect Path: Library/
[Physics::Module] Selected backend.
[Physics::Module] Name: PhysX
[Physics::Module] Id: 0xf2b8ea05
[Physics::Module] SDK Version: 4.1.2
[Physics::Module] Integration Version: 1.0.0
[Physics::Module] Threading Mode: Multi-Threaded
Refreshing native plugins compatible for Editor in 2.02 ms, found 3 plugins.
Preloading 0 native plugins for Editor in 0.00 ms.
Initialize engine version: 6000.3.12f1 (fca03ac9b0d5)
[Subsystems] Discovering subsystems at path D:/unityEditors/6000.3.12f1/Editor/Data/Resources/UnitySubsystems
[Subsystems] Discovering subsystems at path C:/Users/buhar/Documents/GitHub/unity-game/Assets
GfxDevice: creating device client; kGfxThreadingModeNonThreaded
Direct3D:
    Version:  Direct3D 11.0 [level 11.1]
    Renderer: NVIDIA GeForce RTX 2060 (ID=0x1f03)
    Vendor:   NVIDIA
    VRAM:     12061 MB
    Driver:   32.0.15.9621
Initialize mono
Mono path[0] = 'D:/unityEditors/6000.3.12f1/Editor/Data/Managed'
Mono path[1] = 'D:/unityEditors/6000.3.12f1/Editor/Data/MonoBleedingEdge/lib/mono/unityjit-win32'
Mono config path = 'D:/unityEditors/6000.3.12f1/Editor/Data/MonoBleedingEdge/etc'
Using monoOptions --debugger-agent=transport=dt_socket,embedding=1,server=y,suspend=n,address=127.0.0.1:56208
Begin MonoManager ReloadAssembly
Registering precompiled unity dll's ...
Register platform support module: D:/unityEditors/6000.3.12f1/Editor/Data/PlaybackEngines/WindowsStandaloneSupport/UnityEditor.WindowsStandalone.Extensions.dll
Registered in 0.001085 seconds.
- Loaded All Assemblies, in  0.391 seconds
Native extension for WindowsStandalone target not found
[Licensing::Client] Error: HandshakeResponse reported an error:
	ResponseCode: 505
	ResponseStatus: Unsupported protocol version '1.18.1'.
[Licensing::Module] Error: Failed to handshake to channel: "LicenseClient-buhar"
[Licensing::IpcConnector] LicenseClient-buhar channel disconnected successfully.
[Licensing::IpcConnector] Successfully connected to: "LicenseClient-buhar-6000.3.12" at "2026-04-23T22:02:57.7398586Z"
Package Manager log level set to [2]
[Package Manager] Failed to launch server process. Reason: Unity was launched with the -noUpm command-line argument
[Package Manager] Unable to send message (not connected to server process).
[Package Manager] Cannot connect to Unity Package Manager local server
ScheduleIndexationOnStartup MainProcess:False IndexOnStartup:True
Mono: successfully reloaded assembly
- Finished resetting the current domain, in  0.397 seconds
Domain Reload Profiling: 788ms
	BeginReloadAssembly (118ms)
		ExecutionOrderSort (0ms)
		DisableScriptedObjects (0ms)
		BackupInstance (0ms)
		ReleaseScriptingObjects (0ms)
		CreateAndSetChildDomain (1ms)
	RebuildCommonClasses (38ms)
	RebuildNativeTypeToScriptingClass (14ms)
	initialDomainReloadingComplete (39ms)
	LoadAllAssembliesAndSetupDomain (182ms)
		LoadAssemblies (117ms)
		RebuildTransferFunctionScriptingTraits (0ms)
		AnalyzeDomain (179ms)
			TypeCache.Refresh (177ms)
				TypeCache.ScanAssembly (164ms)
			BuildScriptInfoCaches (0ms)
			ResolveRequiredComponents (0ms)
	FinalizeReload (397ms)
		ReleaseScriptCaches (0ms)
		RebuildScriptCaches (0ms)
		SetupLoadedEditorAssemblies (350ms)
			LogAssemblyErrors (0ms)
			InitializePlatformSupportModulesInManaged (45ms)
			SetLoadedEditorAssemblies (3ms)
			BeforeProcessingInitializeOnLoad (90ms)
			ProcessInitializeOnLoadAttributes (138ms)
			ProcessInitializeOnLoadMethodAttributes (73ms)
			AfterProcessingInitializeOnLoad (0ms)
			EditorAssembliesLoaded (0ms)
		ExecutionOrderSort2 (0ms)
		AwakeInstancesAfterBackupRestoration (0ms)
========================================================================
Worker process is ready to serve import requests
Import Worker Mode flag is 0x00
Begin MonoManager ReloadAssembly
[Licensing::Module] Licensing is not yet initialized.
[Licensing::Client] Handshaking with LicensingClient:
  Version:                 1.18.1+9fbee8e
  Session Id:              524a96da4ab249b680054bbe7aad5fd9
  Correlation Id:          e92e615dc675eed5a87f457bc522b39f
  External correlation Id: 4771522137955465694
  Machine Id:              9KEhwMiSjncci1TrFyVoGi62g20=
[Licensing::Module] Successfully connected to LicensingClient on channel: "LicenseClient-buhar-6000.3.12" (connect: 0.00s, validation: 0.00s, handshake: 0.93s)
[Licensing::IpcConnector] Successfully connected to: "LicenseClient-buhar-6000.3.12-notifications" at "2026-04-23T22:02:58.6753581Z"
[Licensing::Module] Licensing Background thread has ended after 2.01s
[Licensing::Module] Licensing is initialized (took 0.57s).
[Licensing::Client] Successfully resolved entitlement details
[Licensing::Module] License group:
  Id: 10171580425170-UnityPersXXXX
  Product: Unity Personal
  Type: Assigned
  Expiration: Unlimited
- Loaded All Assemblies, in  1.164 seconds
Refreshing native plugins compatible for Editor in 0.70 ms, found 3 plugins.
Native extension for WindowsStandalone target not found
[Package Manager] Failed to launch server process. Reason: Unity was launched with the -noUpm command-line argument
[Package Manager] Unable to send message (not connected to server process).
[Package Manager] Cannot connect to Unity Package Manager local server
[Package Manager] Failed to launch server process. Reason: Unity was launched with the -noUpm command-line argument
[Package Manager] Unable to send message (not connected to server process).
[Package Manager] Cannot connect to Unity Package Manager local server
ScheduleIndexationOnStartup MainProcess:False IndexOnStartup:True
Mono: successfully reloaded assembly
- Finished resetting the current domain, in  0.610 seconds
Domain Reload Profiling: 1773ms
	BeginReloadAssembly (731ms)
		ExecutionOrderSort (0ms)
		DisableScriptedObjects (5ms)
		BackupInstance (0ms)
		ReleaseScriptingObjects (0ms)
		CreateAndSetChildDomain (24ms)
	RebuildCommonClasses (38ms)
	RebuildNativeTypeToScriptingClass (14ms)
	initialDomainReloadingComplete (30ms)
	LoadAllAssembliesAndSetupDomain (349ms)
		LoadAssemblies (246ms)
		RebuildTransferFunctionScriptingTraits (0ms)
		AnalyzeDomain (190ms)
			TypeCache.Refresh (143ms)
				TypeCache.ScanAssembly (132ms)
			BuildScriptInfoCaches (38ms)
			ResolveRequiredComponents (5ms)
	FinalizeReload (611ms)
		ReleaseScriptCaches (0ms)
		RebuildScriptCaches (0ms)
		SetupLoadedEditorAssemblies (498ms)
			LogAssemblyErrors (0ms)
			InitializePlatformSupportModulesInManaged (2ms)
			SetLoadedEditorAssemblies (3ms)
			BeforeProcessingInitializeOnLoad (111ms)
			ProcessInitializeOnLoadAttributes (338ms)
			ProcessInitializeOnLoadMethodAttributes (42ms)
			AfterProcessingInitializeOnLoad (2ms)
			EditorAssembliesLoaded (0ms)
		ExecutionOrderSort2 (0ms)
		AwakeInstancesAfterBackupRestoration (7ms)
Launched and connected shader compiler UnityShaderCompiler.exe after 0.01 seconds
Refreshing native plugins compatible for Editor in 0.84 ms, found 3 plugins.
Preloading 0 native plugins for Editor in 0.00 ms.
Unloading 1 Unused Serialized files (Serialized files now loaded: 0)
Unloading 3770 unused Assets / (1.4 MB). Loaded Objects now: 4371.
Memory consumption went from 95.3 MB to 93.9 MB.
Total: 7.153100 ms (FindLiveObjects: 0.820600 ms CreateObjectMapping: 0.281400 ms MarkObjects: 4.661600 ms  DeleteObjects: 1.388200 ms)

========================================================================
Received Import Request.
  Time since last request: 20530.104698 seconds.
  path: Assets/Level5
  artifactKey: Guid(c3b6bb79a2430c24d8b1af2db1ea2914) Importer(2089858483,b0f066a214c2f5e87bad3c948f4d605d)
Start importing Assets/Level5 using Guid(c3b6bb79a2430c24d8b1af2db1ea2914) Importer(2089858483,b0f066a214c2f5e87bad3c948f4d605d) (ScriptedImporter) -> (artifact id: 'cd749868ebbfc26de8ad5a29b1904817') in 0.0508135 seconds
Number of updated asset objects reloaded before import = 0Number of asset objects unloaded after import = 1

========================================================================
Received Import Request.
  Time since last request: 19.937644 seconds.
  path: Assets/Level5/cafe/models/air-conditioner/source/Air conditioner/Air conditioner/Textures/Ac_Metallic.jpg
  artifactKey: Guid(1542416f2c2b7ad479a5210c3a15c739) Importer(2089858483,b0f066a214c2f5e87bad3c948f4d605d)
Start importing Assets/Level5/cafe/models/air-conditioner/source/Air conditioner/Air conditioner/Textures/Ac_Metallic.jpg using Guid(1542416f2c2b7ad479a5210c3a15c739) Importer(2089858483,b0f066a214c2f5e87bad3c948f4d605d) (ScriptedImporter) -> (artifact id: 'a743c51f3e58f95c2c3926b413ac1364') in 0.0972012 seconds
Number of updated asset objects reloaded before import = 0Number of asset objects unloaded after import = 1

========================================================================
Received Import Request.
  Time since last request: 0.000079 seconds.
  path: Assets/Level5/cafe/materials
  artifactKey: Guid(53b64ee3062660747af094fa34eff33f) Importer(2089858483,b0f066a214c2f5e87bad3c948f4d605d)
Start importing Assets/Level5/cafe/materials using Guid(53b64ee3062660747af094fa34eff33f) Importer(2089858483,b0f066a214c2f5e87bad3c948f4d605d) (ScriptedImporter) -> (artifact id: 'e38497ac55b91859cd1372b088006e6d') in 0.0087373 seconds
Number of updated asset objects reloaded before import = 0Number of asset objects unloaded after import = 1

========================================================================
Received Import Request.
  Time since last request: 0.000065 seconds.
  path: Assets/Level5/cafe/models/kitchen-sink/source
  artifactKey: Guid(aba39e36105849b4c90b674997be3bb1) Importer(2089858483,b0f066a214c2f5e87bad3c948f4d605d)
Start importing Assets/Level5/cafe/models/kitchen-sink/source using Guid(aba39e36105849b4c90b674997be3bb1) Importer(2089858483,b0f066a214c2f5e87bad3c948f4d605d) (ScriptedImporter) -> (artifact id: '53bae0f1e1220fe5693bafecff9c807d') in 0.0085618 seconds
Number of updated asset objects reloaded before import = 0Number of asset objects unloaded after import = 1

========================================================================
Received Import Request.
  Time since last request: 0.000083 seconds.
  path: Assets/Level5/cafe/models/kitchen-sink/source/KitchenSink
  artifactKey: Guid(32be9fb8060ad8d4fb403dd1c7a45d4f) Importer(2089858483,b0f066a214c2f5e87bad3c948f4d605d)
Start importing Assets/Level5/cafe/models/kitchen-sink/source/KitchenSink using Guid(32be9fb8060ad8d4fb403dd1c7a45d4f) Importer(2089858483,b0f066a214c2f5e87bad3c948f4d605d) (ScriptedImporter) -> (artifact id: '51cce5e2f2316ab70dcd2164e71fe6e4') in 0.0083692 seconds
Number of updated asset objects reloaded before import = 0Number of asset objects unloaded after import = 1

========================================================================
Received Import Request.
  Time since last request: 0.000024 seconds.
  path: Assets/Level5/cafe/materials/materials/polished-oak-woo_947a6d90-4f56-433b-9a05-15def0de5031/preview.png
  artifactKey: Guid(a6e0c0640383eae44982b2e28076c4c4) Importer(2089858483,b0f066a214c2f5e87bad3c948f4d605d)
Start importing Assets/Level5/cafe/materials/materials/polished-oak-woo_947a6d90-4f56-433b-9a05-15def0de5031/preview.png using Guid(a6e0c0640383eae44982b2e28076c4c4) Importer(2089858483,b0f066a214c2f5e87bad3c948f4d605d) (ScriptedImporter) -> (artifact id: 'fe64d5d0d79c232af028fcaace7512af') in 0.0165655 seconds
Number of updated asset objects reloaded before import = 0Number of asset objects unloaded after import = 1

========================================================================
Received Import Request.
  Time since last request: 0.000032 seconds.
  path: Assets/Level5/cabinets/materials/materials/wood_fc4a30fa-9fe1-4a5b-a78b-40920c4486f0/wood_2K_b655fc86-23f2-4caa-a3b0-90656d93837d.blend
  artifactKey: Guid(10fcddd94c2879442a89418ddbd198e1) Importer(2089858483,b0f066a214c2f5e87bad3c948f4d605d)
Start importing Assets/Level5/cabinets/materials/materials/wood_fc4a30fa-9fe1-4a5b-a78b-40920c4486f0/wood_2K_b655fc86-23f2-4caa-a3b0-90656d93837d.blend using Guid(10fcddd94c2879442a89418ddbd198e1) Importer(2089858483,b0f066a214c2f5e87bad3c948f4d605d) (ScriptedImporter) -> (artifact id: '423ff5dee6b5005bf1619e832043c09a') in 0.0304549 seconds
Number of updated asset objects reloaded before import = 0Number of asset objects unloaded after import = 1

========================================================================
Received Import Request.
  Time since last request: 0.000044 seconds.
  path: Assets/Level5/cafe/models/commercial-fridge/textures/internal_ground_ao_texture.jpeg
  artifactKey: Guid(c2fdf68edfd383f4ca4dae1929a10a6a) Importer(2089858483,b0f066a214c2f5e87bad3c948f4d605d)
Start importing Assets/Level5/cafe/models/commercial-fridge/textures/internal_ground_ao_texture.jpeg using Guid(c2fdf68edfd383f4ca4dae1929a10a6a) Importer(2089858483,b0f066a214c2f5e87bad3c948f4d605d) (ScriptedImporter) -> (artifact id: 'd0804783a0705561af8e33fcd4af33a4') in 0.0135133 seconds
Number of updated asset objects reloaded before import = 0Number of asset objects unloaded after import = 1

========================================================================
Received Import Request.
  Time since last request: 0.000063 seconds.
  path: Assets/Level5/cafe/models/gas-stove-haier-low-mid-poly
  artifactKey: Guid(2f4612669e3a60144ac84182decafd58) Importer(2089858483,b0f066a214c2f5e87bad3c948f4d605d)
Start importing Assets/Level5/cafe/models/gas-stove-haier-low-mid-poly using Guid(2f4612669e3a60144ac84182decafd58) Importer(2089858483,b0f066a214c2f5e87bad3c948f4d605d) (ScriptedImporter) -> (artifact id: '256e28dab6ec2a03a73112f7756b03b8') in 0.0085187 seconds
Number of updated asset objects reloaded before import = 0Number of asset objects unloaded after import = 1

========================================================================
Received Import Request.
  Time since last request: 0.000081 seconds.
  path: Assets/Level5/cabinets/materials/materials/polished-oak-woo_947a6d90-4f56-433b-9a05-15def0de5031/polished-oak-wood_2K_aa737394-5a16-401f-864c-44af0f6f331d.blend
  artifactKey: Guid(3c5b46fbb2cd2d943840ecc059dc02e5) Importer(2089858483,b0f066a214c2f5e87bad3c948f4d605d)
Start importing Assets/Level5/cabinets/materials/materials/polished-oak-woo_947a6d90-4f56-433b-9a05-15def0de5031/polished-oak-wood_2K_aa737394-5a16-401f-864c-44af0f6f331d.blend using Guid(3c5b46fbb2cd2d943840ecc059dc02e5) Importer(2089858483,b0f066a214c2f5e87bad3c948f4d605d) (ScriptedImporter) -> (artifact id: 'dbcd19ae1f988af2838e21d9e0ecf533') in 0.0114463 seconds
Number of updated asset objects reloaded before import = 0Number of asset objects unloaded after import = 1

========================================================================
Received Import Request.
  Time since last request: 0.000066 seconds.
  path: Assets/Level5/cafe/models/gas-stove-haier-low-mid-poly/textures/Material.001_Base_color.png
  artifactKey: Guid(1c87c33aca0c7374b86b19473b5a8508) Importer(2089858483,b0f066a214c2f5e87bad3c948f4d605d)
Start importing Assets/Level5/cafe/models/gas-stove-haier-low-mid-poly/textures/Material.001_Base_color.png using Guid(1c87c33aca0c7374b86b19473b5a8508) Importer(2089858483,b0f066a214c2f5e87bad3c948f4d605d) (ScriptedImporter) -> (artifact id: '4267ebf5cc50c7363ed610afa0582b20') in 0.0125109 seconds
Number of updated asset objects reloaded before import = 0Number of asset objects unloaded after import = 1

========================================================================
Received Import Request.
  Time since last request: 0.000061 seconds.
  path: Assets/Level5/cafe/models/kitchen-sink/textures/KitchenSink_Metallic.png
  artifactKey: Guid(3ef993b9e54c7a4458352d62c2a399e6) Importer(2089858483,b0f066a214c2f5e87bad3c948f4d605d)
Start importing Assets/Level5/cafe/models/kitchen-sink/textures/KitchenSink_Metallic.png using Guid(3ef993b9e54c7a4458352d62c2a399e6) Importer(2089858483,b0f066a214c2f5e87bad3c948f4d605d) (ScriptedImporter) -> (artifact id: '1d7036cd4d1391a9275cd450a7b03c55') in 0.0141852 seconds
Number of updated asset objects reloaded before import = 0Number of asset objects unloaded after import = 1

========================================================================
Received Import Request.
  Time since last request: 0.000079 seconds.
  path: Assets/Level5/cabinets/materials/materials/fabric_995e0aa0-b347-49f7-ba53-b09f2250623f
  artifactKey: Guid(c0d75905aedc3574384cf4114d2ea8c2) Importer(2089858483,b0f066a214c2f5e87bad3c948f4d605d)
Start importing Assets/Level5/cabinets/materials/materials/fabric_995e0aa0-b347-49f7-ba53-b09f2250623f using Guid(c0d75905aedc3574384cf4114d2ea8c2) Importer(2089858483,b0f066a214c2f5e87bad3c948f4d605d) (ScriptedImporter) -> (artifact id: '683cee0c0ceaadf25ef558a64a869e80') in 0.0115305 seconds
Number of updated asset objects reloaded before import = 0Number of asset objects unloaded after import = 1

========================================================================
Received Import Request.
  Time since last request: 0.000050 seconds.
  path: Assets/Level5/cabinets/Floor 02.06.25.blend
  artifactKey: Guid(f31cb014a9b27724e935a8ec9298e381) Importer(2089858483,b0f066a214c2f5e87bad3c948f4d605d)
Start importing Assets/Level5/cabinets/Floor 02.06.25.blend using Guid(f31cb014a9b27724e935a8ec9298e381) Importer(2089858483,b0f066a214c2f5e87bad3c948f4d605d) (ScriptedImporter) -> (artifact id: 'b9a565c1ea8d3b5d835d79ca9ab255b7') in 0.0112014 seconds
Number of updated asset objects reloaded before import = 0Number of asset objects unloaded after import = 1

========================================================================
Received Import Request.
  Time since last request: 0.000053 seconds.
  path: Assets/Level5/cafe/models/kitchen-sink
  artifactKey: Guid(eef888d3786bc1848b63b9c01f72aeec) Importer(2089858483,b0f066a214c2f5e87bad3c948f4d605d)
Start importing Assets/Level5/cafe/models/kitchen-sink using Guid(eef888d3786bc1848b63b9c01f72aeec) Importer(2089858483,b0f066a214c2f5e87bad3c948f4d605d) (ScriptedImporter) -> (artifact id: 'bc6c9c400652235ac7afebf77f1771c5') in 0.0082258 seconds
Number of updated asset objects reloaded before import = 0Number of asset objects unloaded after import = 1

========================================================================
Received Import Request.
  Time since last request: 0.000107 seconds.
  path: Assets/Level5/cabinets/pc-low-poly-free
  artifactKey: Guid(af150c42870822d4eb9f1e9cb624aeb1) Importer(2089858483,b0f066a214c2f5e87bad3c948f4d605d)
Start importing Assets/Level5/cabinets/pc-low-poly-free using Guid(af150c42870822d4eb9f1e9cb624aeb1) Importer(2089858483,b0f066a214c2f5e87bad3c948f4d605d) (ScriptedImporter) -> (artifact id: 'b9f960ce6f9a1c3168e8d4d84061a57b') in 0.0079685 seconds
Number of updated asset objects reloaded before import = 0Number of asset objects unloaded after import = 1

========================================================================
Received Import Request.
  Time since last request: 0.000094 seconds.
  path: Assets/Level5/cafe/models/kitchen-sink/textures/KitchenSink_AO.png
  artifactKey: Guid(e8a3b2ab7c44bcf4e95950cffc76687c) Importer(2089858483,b0f066a214c2f5e87bad3c948f4d605d)
Start importing Assets/Level5/cafe/models/kitchen-sink/textures/KitchenSink_AO.png using Guid(e8a3b2ab7c44bcf4e95950cffc76687c) Importer(2089858483,b0f066a214c2f5e87bad3c948f4d605d) (ScriptedImporter) -> (artifact id: 'a32d43bb2be54512f5973bd3fc14ddc8') in 0.0133285 seconds
Number of updated asset objects reloaded before import = 0Number of asset objects unloaded after import = 1

========================================================================
Received Import Request.
  Time since last request: 0.000054 seconds.
  path: Assets/Level5/cafe/models/commercial-fridge/source/Interior_electronic_fridge_commercial_01.fbx
  artifactKey: Guid(16c43fdea8d711b4c8f9e56ffc308e51) Importer(2089858483,b0f066a214c2f5e87bad3c948f4d605d)
Start importing Assets/Level5/cafe/models/commercial-fridge/source/Interior_electronic_fridge_commercial_01.fbx using Guid(16c43fdea8d711b4c8f9e56ffc308e51) Importer(2089858483,b0f066a214c2f5e87bad3c948f4d605d) (ScriptedImporter) -> (artifact id: 'c837c929410e96096c4141b4d000d8fd') in 0.0397165 seconds
Number of updated asset objects reloaded before import = 0Number of asset objects unloaded after import = 15

========================================================================
Received Import Request.
  Time since last request: 0.000023 seconds.
  path: Assets/Level5/cafe/materials/materials/light-oak-wood_79fd3e87-6209-4462-a690-a726167a2e49
  artifactKey: Guid(ed549107ad59e2340bb695a4a3f890c9) Importer(2089858483,b0f066a214c2f5e87bad3c948f4d605d)
Start importing Assets/Level5/cafe/materials/materials/light-oak-wood_79fd3e87-6209-4462-a690-a726167a2e49 using Guid(ed549107ad59e2340bb695a4a3f890c9) Importer(2089858483,b0f066a214c2f5e87bad3c948f4d605d) (ScriptedImporter) -> (artifact id: 'd4961af01d7a353cc977c56f4cfe3d89') in 0.0099896 seconds
Number of updated asset objects reloaded before import = 0Number of asset objects unloaded after import = 1

========================================================================
Received Import Request.
  Time since last request: 0.000059 seconds.
  path: Assets/Level5/cabinets/materials/materials/wood-floor_a328a7d9-855e-45e2-bfb4-b5318813774c/wood-floor_2K_5c5927c3-0899-4b9a-a925-f5291c3e7dcb.blend
  artifactKey: Guid(0b8e74a1fedf45941adc93ba5fa4bdb8) Importer(2089858483,b0f066a214c2f5e87bad3c948f4d605d)
Start importing Assets/Level5/cabinets/materials/materials/wood-floor_a328a7d9-855e-45e2-bfb4-b5318813774c/wood-floor_2K_5c5927c3-0899-4b9a-a925-f5291c3e7dcb.blend using Guid(0b8e74a1fedf45941adc93ba5fa4bdb8) Importer(2089858483,b0f066a214c2f5e87bad3c948f4d605d) (ScriptedImporter) -> (artifact id: 'bd20b1bcd817a53187f177f144e1b7fb') in 0.0114865 seconds
Number of updated asset objects reloaded before import = 0Number of asset objects unloaded after import = 1

========================================================================
Received Import Request.
  Time since last request: 0.000044 seconds.
  path: Assets/Level5/cabinets/materials/materials/wood-floor_a328a7d9-855e-45e2-bfb4-b5318813774c/preview.png
  artifactKey: Guid(3191b4a0cfe0296419e45ec9d90ff971) Importer(2089858483,b0f066a214c2f5e87bad3c948f4d605d)
Start importing Assets/Level5/cabinets/materials/materials/wood-floor_a328a7d9-855e-45e2-bfb4-b5318813774c/preview.png using Guid(3191b4a0cfe0296419e45ec9d90ff971) Importer(2089858483,b0f066a214c2f5e87bad3c948f4d605d) (ScriptedImporter) -> (artifact id: '685bbd1b65f564f9f80bc98d810daba9') in 0.0129702 seconds
Number of updated asset objects reloaded before import = 0Number of asset objects unloaded after import = 1

========================================================================
Received Import Request.
  Time since last request: 0.000024 seconds.
  path: Assets/Level5/cafe/models/air-conditioner/source/Air conditioner/Air conditioner/Textures/Ac_Height.jpg
  artifactKey: Guid(6724b4917cf57454d8df6a1253275e12) Importer(2089858483,b0f066a214c2f5e87bad3c948f4d605d)
Start importing Assets/Level5/cafe/models/air-conditioner/source/Air conditioner/Air conditioner/Textures/Ac_Height.jpg using Guid(6724b4917cf57454d8df6a1253275e12) Importer(2089858483,b0f066a214c2f5e87bad3c948f4d605d) (ScriptedImporter) -> (artifact id: '03a3be2c34c40b73dfe6a68c3d4a9bb9') in 0.0139226 seconds
Number of updated asset objects reloaded before import = 0Number of asset objects unloaded after import = 1

========================================================================
Received Import Request.
  Time since last request: 0.000055 seconds.
  path: Assets/Level5/cafe/models/air-conditioner/source/Air conditioner
  artifactKey: Guid(9f4e63b9b7637c540b49e7dfd0076008) Importer(2089858483,b0f066a214c2f5e87bad3c948f4d605d)
Start importing Assets/Level5/cafe/models/air-conditioner/source/Air conditioner using Guid(9f4e63b9b7637c540b49e7dfd0076008) Importer(2089858483,b0f066a214c2f5e87bad3c948f4d605d) (ScriptedImporter) -> (artifact id: '7b0e2a8476136c406092514adc564fd0') in 0.0084921 seconds
Number of updated asset objects reloaded before import = 0Number of asset objects unloaded after import = 1

========================================================================
Received Import Request.
  Time since last request: 0.000049 seconds.
  path: Assets/Level5/cabinets/monitor/source/Monitor/Monitor.blend1
  artifactKey: Guid(68091c0d1df07fd4fad72e6b49677619) Importer(2089858483,b0f066a214c2f5e87bad3c948f4d605d)
Start importing Assets/Level5/cabinets/monitor/source/Monitor/Monitor.blend1 using Guid(68091c0d1df07fd4fad72e6b49677619) Importer(2089858483,b0f066a214c2f5e87bad3c948f4d605d) (ScriptedImporter) -> (artifact id: '698fa4bc5e2b30e49776efd7bcf143b6') in 0.0084614 seconds
Number of updated asset objects reloaded before import = 0Number of asset objects unloaded after import = 1

========================================================================
Received Import Request.
  Time since last request: 0.000086 seconds.
  path: Assets/Level5/cafe/models/commercial-fridge
  artifactKey: Guid(c9a9ccdf4c132454d8c650b97580840a) Importer(2089858483,b0f066a214c2f5e87bad3c948f4d605d)
Start importing Assets/Level5/cafe/models/commercial-fridge using Guid(c9a9ccdf4c132454d8c650b97580840a) Importer(2089858483,b0f066a214c2f5e87bad3c948f4d605d) (ScriptedImporter) -> (artifact id: '55a512270a8b793d5698a8f3abc3cf3f') in 0.0086189 seconds
Number of updated asset objects reloaded before import = 0Number of asset objects unloaded after import = 1

========================================================================
Received Import Request.
  Time since last request: 0.000021 seconds.
  path: Assets/Level5/cafe/models/security-camera/textures/CameraMat_Base_color.png
  artifactKey: Guid(e1e2311a55a1502438827b0031f67a69) Importer(2089858483,b0f066a214c2f5e87bad3c948f4d605d)
Start importing Assets/Level5/cafe/models/security-camera/textures/CameraMat_Base_color.png using Guid(e1e2311a55a1502438827b0031f67a69) Importer(2089858483,b0f066a214c2f5e87bad3c948f4d605d) (ScriptedImporter) -> (artifact id: 'e1bef680be3f1bcb2760e6a445ab9626') in 0.0133922 seconds
Number of updated asset objects reloaded before import = 0Number of asset objects unloaded after import = 1

========================================================================
Received Import Request.
  Time since last request: 0.000108 seconds.
  path: Assets/Level5/cabinets/materials/materials/wall-paint_616d1b6d-17d4-4463-b77c-6f5408b169e2/wall-paint_2K_f3c21908-a0e8-4f79-8813-e3a10a20e70e.blend
  artifactKey: Guid(08121b786f6c8084ca79a74378e7d52f) Importer(2089858483,b0f066a214c2f5e87bad3c948f4d605d)
Start importing Assets/Level5/cabinets/materials/materials/wall-paint_616d1b6d-17d4-4463-b77c-6f5408b169e2/wall-paint_2K_f3c21908-a0e8-4f79-8813-e3a10a20e70e.blend using Guid(08121b786f6c8084ca79a74378e7d52f) Importer(2089858483,b0f066a214c2f5e87bad3c948f4d605d) (ScriptedImporter) -> (artifact id: 'fb86aa4aba5758d87c88bf41f3891b02') in 0.0140194 seconds
Number of updated asset objects reloaded before import = 0Number of asset objects unloaded after import = 1

========================================================================
Received Import Request.
  Time since last request: 0.000067 seconds.
  path: Assets/Level5/cafe/models/air-conditioner/textures
  artifactKey: Guid(244bcb2a5b472c74e83d629dfde5ed86) Importer(2089858483,b0f066a214c2f5e87bad3c948f4d605d)
Start importing Assets/Level5/cafe/models/air-conditioner/textures using Guid(244bcb2a5b472c74e83d629dfde5ed86) Importer(2089858483,b0f066a214c2f5e87bad3c948f4d605d) (ScriptedImporter) -> (artifact id: '4ea53eccb033cc0d31767c399b11325b') in 0.0103509 seconds
Number of updated asset objects reloaded before import = 0Number of asset objects unloaded after import = 1

========================================================================
Received Import Request.
  Time since last request: 0.000063 seconds.
  path: Assets/Level5/cafe/models/gas-stove-haier-low-mid-poly/source/Stove_low.fbx
  artifactKey: Guid(eabb4ca40a371414e82edbafbaaf28cf) Importer(2089858483,b0f066a214c2f5e87bad3c948f4d605d)
Start importing Assets/Level5/cafe/models/gas-stove-haier-low-mid-poly/source/Stove_low.fbx using Guid(eabb4ca40a371414e82edbafbaaf28cf) Importer(2089858483,b0f066a214c2f5e87bad3c948f4d605d) (ScriptedImporter) -> (artifact id: '65e8e07a9fe3683aab66f5f1e1cd4d38') in 0.0313158 seconds
Number of updated asset objects reloaded before import = 0Number of asset objects unloaded after import = 140

========================================================================
Received Import Request.
  Time since last request: 0.000021 seconds.
  path: Assets/Level5/cabinets/materials/materials/glass_e6983950-eec4-448d-8f40-162ec1f72010
  artifactKey: Guid(5fe02d22dd9c8b34ebc095b10a9b4fa0) Importer(2089858483,b0f066a214c2f5e87bad3c948f4d605d)
Start importing Assets/Level5/cabinets/materials/materials/glass_e6983950-eec4-448d-8f40-162ec1f72010 using Guid(5fe02d22dd9c8b34ebc095b10a9b4fa0) Importer(2089858483,b0f066a214c2f5e87bad3c948f4d605d) (ScriptedImporter) -> (artifact id: '68cfcd2cd8ff41cf4ae437bcd6052251') in 0.0091529 seconds
Number of updated asset objects reloaded before import = 0Number of asset objects unloaded after import = 1

========================================================================
Received Import Request.
  Time since last request: 0.000047 seconds.
  path: Assets/Level5/cafe/models/gas-stove-haier-low-mid-poly/textures/Material.001_Mixed_AO.png
  artifactKey: Guid(3efa91b9dc1df1f4187fa176470c3209) Importer(2089858483,b0f066a214c2f5e87bad3c948f4d605d)
Start importing Assets/Level5/cafe/models/gas-stove-haier-low-mid-poly/textures/Material.001_Mixed_AO.png using Guid(3efa91b9dc1df1f4187fa176470c3209) Importer(2089858483,b0f066a214c2f5e87bad3c948f4d605d) (ScriptedImporter) -> (artifact id: '3b03a2d731a18506fea441b0d00879c0') in 0.0134038 seconds
Number of updated asset objects reloaded before import = 0Number of asset objects unloaded after import = 1

========================================================================
Received Import Request.
  Time since last request: 0.000091 seconds.
  path: Assets/Level5/cafe/models/air-conditioner/source
  artifactKey: Guid(e11b24c923c45d44fb84d343c17c3d50) Importer(2089858483,b0f066a214c2f5e87bad3c948f4d605d)
Start importing Assets/Level5/cafe/models/air-conditioner/source using Guid(e11b24c923c45d44fb84d343c17c3d50) Importer(2089858483,b0f066a214c2f5e87bad3c948f4d605d) (ScriptedImporter) -> (artifact id: 'f21d72d4c6c9b54083106a556592ab77') in 0.0091771 seconds
Number of updated asset objects reloaded before import = 0Number of asset objects unloaded after import = 1

========================================================================
Received Import Request.
  Time since last request: 0.000093 seconds.
  path: Assets/Level5/cafe/models/trash_can.glb
  artifactKey: Guid(c92a665a562f4964ba3ee8c046bbf4ee) Importer(2089858483,b0f066a214c2f5e87bad3c948f4d605d)
Start importing Assets/Level5/cafe/models/trash_can.glb using Guid(c92a665a562f4964ba3ee8c046bbf4ee) Importer(2089858483,b0f066a214c2f5e87bad3c948f4d605d) (ScriptedImporter) -> (artifact id: '98913fe5e16f591d3e251e86e6f39ef3') in 0.0083659 seconds
Number of updated asset objects reloaded before import = 0Number of asset objects unloaded after import = 1

========================================================================
Received Import Request.
  Time since last request: 0.000076 seconds.
  path: Assets/Level5/cabinets/materials/materials/fabric_995e0aa0-b347-49f7-ba53-b09f2250623f/preview.png
  artifactKey: Guid(51db7b32dd39535488dd400780b3c5c9) Importer(2089858483,b0f066a214c2f5e87bad3c948f4d605d)
Start importing Assets/Level5/cabinets/materials/materials/fabric_995e0aa0-b347-49f7-ba53-b09f2250623f/preview.png using Guid(51db7b32dd39535488dd400780b3c5c9) Importer(2089858483,b0f066a214c2f5e87bad3c948f4d605d) (ScriptedImporter) -> (artifact id: 'c382795e6c5df6c80953ebb14cb075a7') in 0.0133468 seconds
Number of updated asset objects reloaded before import = 0Number of asset objects unloaded after import = 1

========================================================================
Received Import Request.
  Time since last request: 0.000036 seconds.
  path: Assets/Level5/cafe/models/gas-stove-haier-low-mid-poly/textures/Material.001_Normal_OpenGL.png
  artifactKey: Guid(c4f6776e788d2ae47be6bb0edfce842b) Importer(2089858483,b0f066a214c2f5e87bad3c948f4d605d)
Start importing Assets/Level5/cafe/models/gas-stove-haier-low-mid-poly/textures/Material.001_Normal_OpenGL.png using Guid(c4f6776e788d2ae47be6bb0edfce842b) Importer(2089858483,b0f066a214c2f5e87bad3c948f4d605d) (ScriptedImporter) -> (artifact id: 'd89a4f3bd736ed54ee19b824efdad643') in 0.0123792 seconds
Number of updated asset objects reloaded before import = 0Number of asset objects unloaded after import = 1

========================================================================
Received Import Request.
  Time since last request: 0.000024 seconds.
  path: Assets/Level5/cabinets/materials/materials/wood_f67ebf7b-1d03-4513-8b4d-f3644c01d475/preview.png
  artifactKey: Guid(93fc8ac575afe404c91be343f90cc61b) Importer(2089858483,b0f066a214c2f5e87bad3c948f4d605d)
Start importing Assets/Level5/cabinets/materials/materials/wood_f67ebf7b-1d03-4513-8b4d-f3644c01d475/preview.png using Guid(93fc8ac575afe404c91be343f90cc61b) Importer(2089858483,b0f066a214c2f5e87bad3c948f4d605d) (ScriptedImporter) -> (artifact id: '364f65fadf66ec6450d9b0353c1b08c8') in 0.0128023 seconds
Number of updated asset objects reloaded before import = 0Number of asset objects unloaded after import = 1

========================================================================
Received Import Request.
  Time since last request: 0.000091 seconds.
  path: Assets/Level5/cabinets/monitor/source/Monitor/Monitor.fbx
  artifactKey: Guid(d7bd5180db136a3468ec16a455dbe688) Importer(2089858483,b0f066a214c2f5e87bad3c948f4d605d)
Start importing Assets/Level5/cabinets/monitor/source/Monitor/Monitor.fbx using Guid(d7bd5180db136a3468ec16a455dbe688) Importer(2089858483,b0f066a214c2f5e87bad3c948f4d605d) (ScriptedImporter) -> (artifact id: '81ef192ac437043470aad784cbd8a0ad') in 0.0181254 seconds
Number of updated asset objects reloaded before import = 0Number of asset objects unloaded after import = 31

========================================================================
Received Import Request.
  Time since last request: 0.000019 seconds.
  path: Assets/Level5/cafe/models/air-conditioner/textures/Ac_Metallic.jpeg
  artifactKey: Guid(2f9ef5473f331cc49a87bdfe713442f5) Importer(2089858483,b0f066a214c2f5e87bad3c948f4d605d)
Start importing Assets/Level5/cafe/models/air-conditioner/textures/Ac_Metallic.jpeg using Guid(2f9ef5473f331cc49a87bdfe713442f5) Importer(2089858483,b0f066a214c2f5e87bad3c948f4d605d) (ScriptedImporter) -> (artifact id: '7094d732993bf8f5d8cb2e6f7a58acbf') in 0.0131549 seconds
Number of updated asset objects reloaded before import = 0Number of asset objects unloaded after import = 1

========================================================================
Received Import Request.
  Time since last request: 0.000048 seconds.
  path: Assets/Level5/cafe/materials/materials/wood_f67ebf7b-1d03-4513-8b4d-f3644c01d475
  artifactKey: Guid(ef1be38e7f93e874393afe437baccfb4) Importer(2089858483,b0f066a214c2f5e87bad3c948f4d605d)
Start importing Assets/Level5/cafe/materials/materials/wood_f67ebf7b-1d03-4513-8b4d-f3644c01d475 using Guid(ef1be38e7f93e874393afe437baccfb4) Importer(2089858483,b0f066a214c2f5e87bad3c948f4d605d) (ScriptedImporter) -> (artifact id: '5f0bd1c784156aab89aba6906bbb3a51') in 0.0088187 seconds
Number of updated asset objects reloaded before import = 0Number of asset objects unloaded after import = 1

========================================================================
Received Import Request.
  Time since last request: 0.000071 seconds.
  path: Assets/Level5/cabinets/materials/materials/light-oak-wood_79fd3e87-6209-4462-a690-a726167a2e49/light-oak-wood_2K_5a77dad4-fe3d-4d60-9b08-9a7782f664cd.blend
  artifactKey: Guid(3e4bea6d93daf0041bc8253988cb4d12) Importer(2089858483,b0f066a214c2f5e87bad3c948f4d605d)
Start importing Assets/Level5/cabinets/materials/materials/light-oak-wood_79fd3e87-6209-4462-a690-a726167a2e49/light-oak-wood_2K_5a77dad4-fe3d-4d60-9b08-9a7782f664cd.blend using Guid(3e4bea6d93daf0041bc8253988cb4d12) Importer(2089858483,b0f066a214c2f5e87bad3c948f4d605d) (ScriptedImporter) -> (artifact id: '85750e65ac1c6a5c02713928ab52c0c4') in 0.01139 seconds
Number of updated asset objects reloaded before import = 0Number of asset objects unloaded after import = 1

========================================================================
Received Import Request.
  Time since last request: 0.000134 seconds.
  path: Assets/Level5/cabinets/materials/materials/fabric_995e0aa0-b347-49f7-ba53-b09f2250623f/fabric_721f09dc-28fd-4220-a956-454e55fc6de8.blend
  artifactKey: Guid(aa30846e989334b4e9eaca2f0c532fa0) Importer(2089858483,b0f066a214c2f5e87bad3c948f4d605d)
Start importing Assets/Level5/cabinets/materials/materials/fabric_995e0aa0-b347-49f7-ba53-b09f2250623f/fabric_721f09dc-28fd-4220-a956-454e55fc6de8.blend using Guid(aa30846e989334b4e9eaca2f0c532fa0) Importer(2089858483,b0f066a214c2f5e87bad3c948f4d605d) (ScriptedImporter) -> (artifact id: '18814dd35ebe82c3c10c084dd10b610b') in 0.0124625 seconds
Number of updated asset objects reloaded before import = 0Number of asset objects unloaded after import = 1

========================================================================
Received Import Request.
  Time since last request: 0.000109 seconds.
  path: Assets/Level5/cabinets/materials/materials/procedural-wood_b0eae083-6f77-4d27-a7de-09f409258582/procedural-wood_871879d0-0ecc-4781-8202-5470948fb891.blend
  artifactKey: Guid(6b36e9e1cacf0f44296507a67e5bcf68) Importer(2089858483,b0f066a214c2f5e87bad3c948f4d605d)
Start importing Assets/Level5/cabinets/materials/materials/procedural-wood_b0eae083-6f77-4d27-a7de-09f409258582/procedural-wood_871879d0-0ecc-4781-8202-5470948fb891.blend using Guid(6b36e9e1cacf0f44296507a67e5bcf68) Importer(2089858483,b0f066a214c2f5e87bad3c948f4d605d) (ScriptedImporter) -> (artifact id: '12830ece9bcad77560454ef6af1e840f') in 0.0115172 seconds
Number of updated asset objects reloaded before import = 0Number of asset objects unloaded after import = 1

========================================================================
Received Import Request.
  Time since last request: 0.000067 seconds.
  path: Assets/Level5/cafe/models/air-conditioner/source/Air conditioner/Air conditioner/AC.fbx
  artifactKey: Guid(30d400d60d3ec2c4bad801cbf17e4838) Importer(2089858483,b0f066a214c2f5e87bad3c948f4d605d)
Start importing Assets/Level5/cafe/models/air-conditioner/source/Air conditioner/Air conditioner/AC.fbx using Guid(30d400d60d3ec2c4bad801cbf17e4838) Importer(2089858483,b0f066a214c2f5e87bad3c948f4d605d) (ScriptedImporter) -> (artifact id: 'b7a01b059b5ac5175f1970e58adf7506') in 0.0249772 seconds
Number of updated asset objects reloaded before import = 0Number of asset objects unloaded after import = 8

========================================================================
Received Import Request.
  Time since last request: 0.000021 seconds.
  path: Assets/Level5/cafe/models/security-camera/textures/CameraMat_Roughness.png
  artifactKey: Guid(d45301b953f0ba544aaee86e9f18fc33) Importer(2089858483,b0f066a214c2f5e87bad3c948f4d605d)
Start importing Assets/Level5/cafe/models/security-camera/textures/CameraMat_Roughness.png using Guid(d45301b953f0ba544aaee86e9f18fc33) Importer(2089858483,b0f066a214c2f5e87bad3c948f4d605d) (ScriptedImporter) -> (artifact id: 'ec1f1c1e25f8dd6501f7e8535ddd0c6c') in 0.0125374 seconds
Number of updated asset objects reloaded before import = 0Number of asset objects unloaded after import = 1

========================================================================
Received Import Request.
  Time since last request: 0.000021 seconds.
  path: Assets/Level5/cafe/models/gas-stove-haier-low-mid-poly/textures/Material.001_Metallic.png
  artifactKey: Guid(a77adacdecd6c474b959980ae54dcd92) Importer(2089858483,b0f066a214c2f5e87bad3c948f4d605d)
Start importing Assets/Level5/cafe/models/gas-stove-haier-low-mid-poly/textures/Material.001_Metallic.png using Guid(a77adacdecd6c474b959980ae54dcd92) Importer(2089858483,b0f066a214c2f5e87bad3c948f4d605d) (ScriptedImporter) -> (artifact id: '1b66cd210fd8c2d81879e8b299586b46') in 0.0138646 seconds
Number of updated asset objects reloaded before import = 0Number of asset objects unloaded after import = 1

========================================================================
Received Import Request.
  Time since last request: 0.000066 seconds.
  path: Assets/Level5/cabinets/materials/materials/wood_f67ebf7b-1d03-4513-8b4d-f3644c01d475/wood_2K_921b4e55-89b5-498e-bd76-df11f2e22204.blend
  artifactKey: Guid(ca53f4ebf949ce14ea730796f5002de2) Importer(2089858483,b0f066a214c2f5e87bad3c948f4d605d)
Start importing Assets/Level5/cabinets/materials/materials/wood_f67ebf7b-1d03-4513-8b4d-f3644c01d475/wood_2K_921b4e55-89b5-498e-bd76-df11f2e22204.blend using Guid(ca53f4ebf949ce14ea730796f5002de2) Importer(2089858483,b0f066a214c2f5e87bad3c948f4d605d) (ScriptedImporter) -> (artifact id: '9c1a79976b9255d6f5b7d404a2845295') in 0.0114211 seconds
Number of updated asset objects reloaded before import = 0Number of asset objects unloaded after import = 1

========================================================================
Received Import Request.
  Time since last request: 0.000049 seconds.
  path: Assets/Level5/cabinets/pc-low-poly-free/source
  artifactKey: Guid(1ef41ade9f9409349bf7a125ea482b5c) Importer(2089858483,b0f066a214c2f5e87bad3c948f4d605d)
Start importing Assets/Level5/cabinets/pc-low-poly-free/source using Guid(1ef41ade9f9409349bf7a125ea482b5c) Importer(2089858483,b0f066a214c2f5e87bad3c948f4d605d) (ScriptedImporter) -> (artifact id: '4206408b67f35c3bb7aca1cc40678024') in 0.0090482 seconds
Number of updated asset objects reloaded before import = 0Number of asset objects unloaded after import = 1

========================================================================
Received Import Request.
  Time since last request: 0.000037 seconds.
  path: Assets/Level5/cafe/models/kitchen-sink/textures/KitchenSink_Roughness.png
  artifactKey: Guid(a39e4489a5f86c44a84e728ea05ebd7a) Importer(2089858483,b0f066a214c2f5e87bad3c948f4d605d)
Start importing Assets/Level5/cafe/models/kitchen-sink/textures/KitchenSink_Roughness.png using Guid(a39e4489a5f86c44a84e728ea05ebd7a) Importer(2089858483,b0f066a214c2f5e87bad3c948f4d605d) (ScriptedImporter) -> (artifact id: '150ac830172b6c33f0c6f270174612c6') in 0.0153463 seconds
Number of updated asset objects reloaded before import = 0Number of asset objects unloaded after import = 1

========================================================================
Received Import Request.
  Time since last request: 0.000081 seconds.
  path: Assets/Level5/cabinets/materials/materials/oak-wood2_8c17be7c-e5d9-4cbd-8176-87a1392f0bb9/preview.png
  artifactKey: Guid(a83800962abd36d48989286024414c5a) Importer(2089858483,b0f066a214c2f5e87bad3c948f4d605d)
Start importing Assets/Level5/cabinets/materials/materials/oak-wood2_8c17be7c-e5d9-4cbd-8176-87a1392f0bb9/preview.png using Guid(a83800962abd36d48989286024414c5a) Importer(2089858483,b0f066a214c2f5e87bad3c948f4d605d) (ScriptedImporter) -> (artifact id: '9e94c6866a75d340e03697d78d710fb2') in 0.0125148 seconds
Number of updated asset objects reloaded before import = 0Number of asset objects unloaded after import = 1

========================================================================
Received Import Request.
  Time since last request: 0.000058 seconds.
  path: Assets/Level5/cafe/models/hand_dryer.glb
  artifactKey: Guid(1c9d89457d2799f488e2652896a7d720) Importer(2089858483,b0f066a214c2f5e87bad3c948f4d605d)
Start importing Assets/Level5/cafe/models/hand_dryer.glb using Guid(1c9d89457d2799f488e2652896a7d720) Importer(2089858483,b0f066a214c2f5e87bad3c948f4d605d) (ScriptedImporter) -> (artifact id: 'e9f6a29982a37a3039e33173662823c4') in 0.0082752 seconds
Number of updated asset objects reloaded before import = 0Number of asset objects unloaded after import = 1

========================================================================
Received Import Request.
  Time since last request: 0.000085 seconds.
  path: Assets/Level5/cafe/models/grohe-g-36269000/source
  artifactKey: Guid(7d9eefd2be99df94d808f873d797d0e6) Importer(2089858483,b0f066a214c2f5e87bad3c948f4d605d)
Start importing Assets/Level5/cafe/models/grohe-g-36269000/source using Guid(7d9eefd2be99df94d808f873d797d0e6) Importer(2089858483,b0f066a214c2f5e87bad3c948f4d605d) (ScriptedImporter) -> (artifact id: '9470cfffc8e2ab5b72a078c3ed53c6c4') in 0.0086827 seconds
Number of updated asset objects reloaded before import = 0Number of asset objects unloaded after import = 1

========================================================================
Received Import Request.
  Time since last request: 0.000107 seconds.
  path: Assets/Level5/cafe/кафе 05.07.25.fbx
  artifactKey: Guid(e20bcee87e054d14995594a2311134d8) Importer(2089858483,b0f066a214c2f5e87bad3c948f4d605d)
Start importing Assets/Level5/cafe/кафе 05.07.25.fbx using Guid(e20bcee87e054d14995594a2311134d8) Importer(2089858483,b0f066a214c2f5e87bad3c948f4d605d) (ScriptedImporter) -> (artifact id: '6355f55c4771dbf44bb8d5b449251154') in 0.3532486 seconds
Number of updated asset objects reloaded before import = 0Number of asset objects unloaded after import = 908

========================================================================
Received Import Request.
  Time since last request: 0.000033 seconds.
  path: Assets/Level5/cafe/models/wi-fi-router/source/router/router.obj
  artifactKey: Guid(d4283a25dd7abf647bc2ef23fed7ebf4) Importer(2089858483,b0f066a214c2f5e87bad3c948f4d605d)
Start importing Assets/Level5/cafe/models/wi-fi-router/source/router/router.obj using Guid(d4283a25dd7abf647bc2ef23fed7ebf4) Importer(2089858483,b0f066a214c2f5e87bad3c948f4d605d) (ScriptedImporter) -> (artifact id: 'f9d940a0b4a5fc7329c855d077a07ed3') in 0.0147412 seconds
Number of updated asset objects reloaded before import = 0Number of asset objects unloaded after import = 10

========================================================================
Received Import Request.
  Time since last request: 0.000025 seconds.
  path: Assets/Level5/cafe/models/wi-fi-router
  artifactKey: Guid(d8801525d2214ac4d9a86bebfc241f9d) Importer(2089858483,b0f066a214c2f5e87bad3c948f4d605d)
Start importing Assets/Level5/cafe/models/wi-fi-router using Guid(d8801525d2214ac4d9a86bebfc241f9d) Importer(2089858483,b0f066a214c2f5e87bad3c948f4d605d) (ScriptedImporter) -> (artifact id: '3b64dd854d027af66f6467b7b3d107ae') in 0.0084305 seconds
Number of updated asset objects reloaded before import = 0Number of asset objects unloaded after import = 1

========================================================================
Received Import Request.
  Time since last request: 0.000072 seconds.
  path: Assets/Level5/cafe/models/kitchen-sink/textures
  artifactKey: Guid(8fa51eab26393d14a966d6ef5097265c) Importer(2089858483,b0f066a214c2f5e87bad3c948f4d605d)
Start importing Assets/Level5/cafe/models/kitchen-sink/textures using Guid(8fa51eab26393d14a966d6ef5097265c) Importer(2089858483,b0f066a214c2f5e87bad3c948f4d605d) (ScriptedImporter) -> (artifact id: '4fc6303a4c64eb423e49328f14defd9e') in 0.0085965 seconds
Number of updated asset objects reloaded before import = 0Number of asset objects unloaded after import = 1

========================================================================
Received Import Request.
  Time since last request: 0.000089 seconds.
  path: Assets/Level5/cafe/materials/materials/fabric_995e0aa0-b347-49f7-ba53-b09f2250623f
  artifactKey: Guid(5b883d57c59df254ea1f19ec3a2f3b66) Importer(2089858483,b0f066a214c2f5e87bad3c948f4d605d)
Start importing Assets/Level5/cafe/materials/materials/fabric_995e0aa0-b347-49f7-ba53-b09f2250623f using Guid(5b883d57c59df254ea1f19ec3a2f3b66) Importer(2089858483,b0f066a214c2f5e87bad3c948f4d605d) (ScriptedImporter) -> (artifact id: '3a265fa8ea54fb1af09ff3ebb34188a6') in 0.009279 seconds
Number of updated asset objects reloaded before import = 0Number of asset objects unloaded after import = 1

========================================================================
Received Import Request.
  Time since last request: 0.000039 seconds.
  path: Assets/Level5/cafe/models/wi-fi-router/source/router/router.fbx
  artifactKey: Guid(500a7a9b01559e3459e75537a6bbedba) Importer(2089858483,b0f066a214c2f5e87bad3c948f4d605d)
Start importing Assets/Level5/cafe/models/wi-fi-router/source/router/router.fbx using Guid(500a7a9b01559e3459e75537a6bbedba) Importer(2089858483,b0f066a214c2f5e87bad3c948f4d605d) (ScriptedImporter) -> (artifact id: 'd38230fd5463e3dd63533ccb3fcf573f') in 0.0188206 seconds
Number of updated asset objects reloaded before import = 0Number of asset objects unloaded after import = 32

========================================================================
Received Import Request.
  Time since last request: 0.000018 seconds.
  path: Assets/Level5/cabinets/materials/materials/glass_e6983950-eec4-448d-8f40-162ec1f72010/glass_2K_3b84c824-2fd2-46be-8f6c-2f605136b06c.blend
  artifactKey: Guid(d255f8eb47bc5b447a5ab25667f85964) Importer(2089858483,b0f066a214c2f5e87bad3c948f4d605d)
Start importing Assets/Level5/cabinets/materials/materials/glass_e6983950-eec4-448d-8f40-162ec1f72010/glass_2K_3b84c824-2fd2-46be-8f6c-2f605136b06c.blend using Guid(d255f8eb47bc5b447a5ab25667f85964) Importer(2089858483,b0f066a214c2f5e87bad3c948f4d605d) (ScriptedImporter) -> (artifact id: '8cfe7340e7c41d3969a7daceb4f1d106') in 0.0121559 seconds
Number of updated asset objects reloaded before import = 0Number of asset objects unloaded after import = 1

========================================================================
Received Import Request.
  Time since last request: 0.000099 seconds.
  path: Assets/Level5/cafe/models/air-conditioner/source/Air conditioner/Air conditioner/Textures
  artifactKey: Guid(b215dae8778f58d42a99b13a1ae89570) Importer(2089858483,b0f066a214c2f5e87bad3c948f4d605d)
Start importing Assets/Level5/cafe/models/air-conditioner/source/Air conditioner/Air conditioner/Textures using Guid(b215dae8778f58d42a99b13a1ae89570) Importer(2089858483,b0f066a214c2f5e87bad3c948f4d605d) (ScriptedImporter) -> (artifact id: '355d7dc075f9646eaaa7c7772b9f0546') in 0.0089081 seconds
Number of updated asset objects reloaded before import = 0Number of asset objects unloaded after import = 1

========================================================================
Received Import Request.
  Time since last request: 0.000050 seconds.
  path: Assets/Level5/cafe/materials/materials/wall-paint_616d1b6d-17d4-4463-b77c-6f5408b169e2
  artifactKey: Guid(d2c43104f2c24cc47bf5dc4a8e1a7cff) Importer(2089858483,b0f066a214c2f5e87bad3c948f4d605d)
Start importing Assets/Level5/cafe/materials/materials/wall-paint_616d1b6d-17d4-4463-b77c-6f5408b169e2 using Guid(d2c43104f2c24cc47bf5dc4a8e1a7cff) Importer(2089858483,b0f066a214c2f5e87bad3c948f4d605d) (ScriptedImporter) -> (artifact id: 'be39596dcef8ad29ff5bfdc24b52d51a') in 0.0090189 seconds
Number of updated asset objects reloaded before import = 0Number of asset objects unloaded after import = 1

========================================================================
Received Import Request.
  Time since last request: 0.000073 seconds.
  path: Assets/Level5/cabinets/materials/materials/oak-wood2_8c17be7c-e5d9-4cbd-8176-87a1392f0bb9/oak-wood2_2K_da9d419f-6b37-4734-9c28-37e01fcd174a.blend
  artifactKey: Guid(a87efd4f301ce024db414684453972d7) Importer(2089858483,b0f066a214c2f5e87bad3c948f4d605d)
Start importing Assets/Level5/cabinets/materials/materials/oak-wood2_8c17be7c-e5d9-4cbd-8176-87a1392f0bb9/oak-wood2_2K_da9d419f-6b37-4734-9c28-37e01fcd174a.blend using Guid(a87efd4f301ce024db414684453972d7) Importer(2089858483,b0f066a214c2f5e87bad3c948f4d605d) (ScriptedImporter) -> (artifact id: '310757479aedd41b9721879b9c092e2c') in 0.013506 seconds
Number of updated asset objects reloaded before import = 0Number of asset objects unloaded after import = 1

========================================================================
Received Import Request.
  Time since last request: 0.000072 seconds.
  path: Assets/Level5/cafe/models/air-conditioner/source/Air conditioner/Air conditioner/Thumbs.db
  artifactKey: Guid(484cefd0f63e4b8489b409aedd984542) Importer(2089858483,b0f066a214c2f5e87bad3c948f4d605d)
Start importing Assets/Level5/cafe/models/air-conditioner/source/Air conditioner/Air conditioner/Thumbs.db using Guid(484cefd0f63e4b8489b409aedd984542) Importer(2089858483,b0f066a214c2f5e87bad3c948f4d605d) (ScriptedImporter) -> (artifact id: '6aed220ba48e25120f09cf8f68a11beb') in 0.0087613 seconds
Number of updated asset objects reloaded before import = 0Number of asset objects unloaded after import = 1

========================================================================
Received Import Request.
  Time since last request: 0.000101 seconds.
  path: Assets/Level5/cafe/models/security-camera/source/Camera Texture Ready.fbx
  artifactKey: Guid(12fdbd03f27368b428bd68d889864e86) Importer(2089858483,b0f066a214c2f5e87bad3c948f4d605d)
Start importing Assets/Level5/cafe/models/security-camera/source/Camera Texture Ready.fbx using Guid(12fdbd03f27368b428bd68d889864e86) Importer(2089858483,b0f066a214c2f5e87bad3c948f4d605d) (ScriptedImporter) -> (artifact id: 'cd348150efc15663da586d8c23a7c578') in 0.0137889 seconds
Number of updated asset objects reloaded before import = 0Number of asset objects unloaded after import = 24

========================================================================
Received Import Request.
  Time since last request: 0.000015 seconds.
  path: Assets/Level5/cabinets/materials
  artifactKey: Guid(fc9cc388d3fa7ae44a4b1baeb3486fde) Importer(2089858483,b0f066a214c2f5e87bad3c948f4d605d)
Start importing Assets/Level5/cabinets/materials using Guid(fc9cc388d3fa7ae44a4b1baeb3486fde) Importer(2089858483,b0f066a214c2f5e87bad3c948f4d605d) (ScriptedImporter) -> (artifact id: '07d00ce3f91afe2308870fa16ce491fc') in 0.0081131 seconds
Number of updated asset objects reloaded before import = 0Number of asset objects unloaded after import = 1

========================================================================
Received Import Request.
  Time since last request: 0.000049 seconds.
  path: Assets/Level5/cafe/materials/materials/polished-oak-woo_947a6d90-4f56-433b-9a05-15def0de5031
  artifactKey: Guid(d666a1781b165504aa4fa096a1008146) Importer(2089858483,b0f066a214c2f5e87bad3c948f4d605d)
Start importing Assets/Level5/cafe/materials/materials/polished-oak-woo_947a6d90-4f56-433b-9a05-15def0de5031 using Guid(d666a1781b165504aa4fa096a1008146) Importer(2089858483,b0f066a214c2f5e87bad3c948f4d605d) (ScriptedImporter) -> (artifact id: '0ab0dd580b18f0f3217c9c849de3dede') in 0.0096934 seconds
Number of updated asset objects reloaded before import = 0Number of asset objects unloaded after import = 1

========================================================================
Received Import Request.
  Time since last request: 0.000072 seconds.
  path: Assets/Level5/cafe/materials/materials/brown-polished-o_2abe3ba9-4b5e-46aa-b9a9-aefd7aed402e/brown-polished-oak-wood_2K_678980ac-4937-4edd-995c-71eefa48e4e0.blend
  artifactKey: Guid(5884c1db52064324296acf51942e8041) Importer(2089858483,b0f066a214c2f5e87bad3c948f4d605d)
Start importing Assets/Level5/cafe/materials/materials/brown-polished-o_2abe3ba9-4b5e-46aa-b9a9-aefd7aed402e/brown-polished-oak-wood_2K_678980ac-4937-4edd-995c-71eefa48e4e0.blend using Guid(5884c1db52064324296acf51942e8041) Importer(2089858483,b0f066a214c2f5e87bad3c948f4d605d) (ScriptedImporter) -> (artifact id: 'd50e7894a2052665495cb8e81f697985') in 0.0118501 seconds
Number of updated asset objects reloaded before import = 0Number of asset objects unloaded after import = 1

========================================================================
Received Import Request.
  Time since last request: 0.000118 seconds.
  path: Assets/Level5/cafe/models
  artifactKey: Guid(c884654626fd12647b9a479c64c13a4f) Importer(2089858483,b0f066a214c2f5e87bad3c948f4d605d)
Start importing Assets/Level5/cafe/models using Guid(c884654626fd12647b9a479c64c13a4f) Importer(2089858483,b0f066a214c2f5e87bad3c948f4d605d) (ScriptedImporter) -> (artifact id: '2d608f74eaf153600193e5f9e36d6add') in 0.0079216 seconds
Number of updated asset objects reloaded before import = 0Number of asset objects unloaded after import = 1

========================================================================
Received Import Request.
  Time since last request: 0.000048 seconds.
  path: Assets/Level5/cabinets/materials/materials/wood_fc4a30fa-9fe1-4a5b-a78b-40920c4486f0
  artifactKey: Guid(0ae7ddd98b1d11240ac78c445387eb7b) Importer(2089858483,b0f066a214c2f5e87bad3c948f4d605d)
Start importing Assets/Level5/cabinets/materials/materials/wood_fc4a30fa-9fe1-4a5b-a78b-40920c4486f0 using Guid(0ae7ddd98b1d11240ac78c445387eb7b) Importer(2089858483,b0f066a214c2f5e87bad3c948f4d605d) (ScriptedImporter) -> (artifact id: '9ae3753625aa5a286b992346b1817056') in 0.0093343 seconds
Number of updated asset objects reloaded before import = 0Number of asset objects unloaded after import = 1

========================================================================
Received Import Request.
  Time since last request: 0.000071 seconds.
  path: Assets/Level5/cafe/materials/materials/wall-paint_616d1b6d-17d4-4463-b77c-6f5408b169e2/preview.png
  artifactKey: Guid(805d439bc24537649992ec2443aeab5d) Importer(2089858483,b0f066a214c2f5e87bad3c948f4d605d)
Start importing Assets/Level5/cafe/materials/materials/wall-paint_616d1b6d-17d4-4463-b77c-6f5408b169e2/preview.png using Guid(805d439bc24537649992ec2443aeab5d) Importer(2089858483,b0f066a214c2f5e87bad3c948f4d605d) (ScriptedImporter) -> (artifact id: '60dd014d295c9f3e68e50eb06e98db9f') in 0.0126145 seconds
Number of updated asset objects reloaded before import = 0Number of asset objects unloaded after import = 1

========================================================================
Received Import Request.
  Time since last request: 0.000034 seconds.
  path: Assets/Level5/cafe/models/security-camera/textures
  artifactKey: Guid(70bf4bc79cadaff4bbc84f3fac297297) Importer(2089858483,b0f066a214c2f5e87bad3c948f4d605d)
Start importing Assets/Level5/cafe/models/security-camera/textures using Guid(70bf4bc79cadaff4bbc84f3fac297297) Importer(2089858483,b0f066a214c2f5e87bad3c948f4d605d) (ScriptedImporter) -> (artifact id: '4458be62bf3d81da6c2d9b21987f0809') in 0.0084199 seconds
Number of updated asset objects reloaded before import = 0Number of asset objects unloaded after import = 1

========================================================================
Received Import Request.
  Time since last request: 0.000034 seconds.
  path: Assets/Level5/cafe/models/phr_generic_coffee_machine_-_sultan.glb
  artifactKey: Guid(ca05e343237f52d489537f972a3a6b4e) Importer(2089858483,b0f066a214c2f5e87bad3c948f4d605d)
Start importing Assets/Level5/cafe/models/phr_generic_coffee_machine_-_sultan.glb using Guid(ca05e343237f52d489537f972a3a6b4e) Importer(2089858483,b0f066a214c2f5e87bad3c948f4d605d) (ScriptedImporter) -> (artifact id: 'c789e2ab16c8d5163f2decd9fa2aa0bc') in 0.0094009 seconds
Number of updated asset objects reloaded before import = 0Number of asset objects unloaded after import = 1

========================================================================
Received Import Request.
  Time since last request: 0.000069 seconds.
  path: Assets/Level5/cafe/models/bathroom_sink.glb
  artifactKey: Guid(ed7f73372f2f9144880ea19db63b08c3) Importer(2089858483,b0f066a214c2f5e87bad3c948f4d605d)
Start importing Assets/Level5/cafe/models/bathroom_sink.glb using Guid(ed7f73372f2f9144880ea19db63b08c3) Importer(2089858483,b0f066a214c2f5e87bad3c948f4d605d) (ScriptedImporter) -> (artifact id: '3d859857e367e808569c4db70827dd6c') in 0.0107049 seconds
Number of updated asset objects reloaded before import = 0Number of asset objects unloaded after import = 1

========================================================================
Received Import Request.
  Time since last request: 0.000044 seconds.
  path: Assets/Level5/cafe/models/wi-fi-router/source/router
  artifactKey: Guid(1c689f4def64ce446bb14d0e2cf5b4f7) Importer(2089858483,b0f066a214c2f5e87bad3c948f4d605d)
Start importing Assets/Level5/cafe/models/wi-fi-router/source/router using Guid(1c689f4def64ce446bb14d0e2cf5b4f7) Importer(2089858483,b0f066a214c2f5e87bad3c948f4d605d) (ScriptedImporter) -> (artifact id: 'ee552f1b4cf4081642614978338552ea') in 0.0083658 seconds
Number of updated asset objects reloaded before import = 0Number of asset objects unloaded after import = 1

========================================================================
Received Import Request.
  Time since last request: 0.000059 seconds.
  path: Assets/Level5/cafe/models/air-conditioner/source/Air conditioner/Air conditioner/Textures/Ac_Normal_DirectX.jpg
  artifactKey: Guid(f6371df90c5f828469511e1377402a89) Importer(2089858483,b0f066a214c2f5e87bad3c948f4d605d)
Start importing Assets/Level5/cafe/models/air-conditioner/source/Air conditioner/Air conditioner/Textures/Ac_Normal_DirectX.jpg using Guid(f6371df90c5f828469511e1377402a89) Importer(2089858483,b0f066a214c2f5e87bad3c948f4d605d) (ScriptedImporter) -> (artifact id: '4f91d67694b59e6c6828e4a9e47c6a48') in 0.0152745 seconds
Number of updated asset objects reloaded before import = 0Number of asset objects unloaded after import = 1

========================================================================
Received Import Request.
  Time since last request: 0.000063 seconds.
  path: Assets/Level5/cafe/models/air-conditioner/textures/Ac_Mixed_AO.jpeg
  artifactKey: Guid(3c59604cf5e5c5e4ba5f2767c959899b) Importer(2089858483,b0f066a214c2f5e87bad3c948f4d605d)
Start importing Assets/Level5/cafe/models/air-conditioner/textures/Ac_Mixed_AO.jpeg using Guid(3c59604cf5e5c5e4ba5f2767c959899b) Importer(2089858483,b0f066a214c2f5e87bad3c948f4d605d) (ScriptedImporter) -> (artifact id: 'f01d93d16be0080608f865b178905cb6') in 0.0146181 seconds
Number of updated asset objects reloaded before import = 0Number of asset objects unloaded after import = 1

========================================================================
Received Import Request.
  Time since last request: 0.000077 seconds.
  path: Assets/Level5/cafe/models/air-conditioner/textures/Ac_Base_Color.jpeg
  artifactKey: Guid(9d29f0e18d6eddb46b0f82b0d445f86b) Importer(2089858483,b0f066a214c2f5e87bad3c948f4d605d)
Start importing Assets/Level5/cafe/models/air-conditioner/textures/Ac_Base_Color.jpeg using Guid(9d29f0e18d6eddb46b0f82b0d445f86b) Importer(2089858483,b0f066a214c2f5e87bad3c948f4d605d) (ScriptedImporter) -> (artifact id: '5954cddf500cd38dcadb3bdf9ee9b3cb') in 0.0134143 seconds
Number of updated asset objects reloaded before import = 0Number of asset objects unloaded after import = 1

========================================================================
Received Import Request.
  Time since last request: 0.000057 seconds.
  path: Assets/Level5/cabinets/materials/materials/glass_e6983950-eec4-448d-8f40-162ec1f72010/preview.png
  artifactKey: Guid(ced1303d5320185408fc53b544fa8387) Importer(2089858483,b0f066a214c2f5e87bad3c948f4d605d)
Start importing Assets/Level5/cabinets/materials/materials/glass_e6983950-eec4-448d-8f40-162ec1f72010/preview.png using Guid(ced1303d5320185408fc53b544fa8387) Importer(2089858483,b0f066a214c2f5e87bad3c948f4d605d) (ScriptedImporter) -> (artifact id: '1e3b7d150da28cf3526b2bc0964d9e53') in 0.0127175 seconds
Number of updated asset objects reloaded before import = 0Number of asset objects unloaded after import = 1

========================================================================
Received Import Request.
  Time since last request: 0.000096 seconds.
  path: Assets/Level5/cafe/models/air-conditioner/textures/Ac_Emissive.jpeg
  artifactKey: Guid(e3efa82a664035a4ba4530f7611970fc) Importer(2089858483,b0f066a214c2f5e87bad3c948f4d605d)
Start importing Assets/Level5/cafe/models/air-conditioner/textures/Ac_Emissive.jpeg using Guid(e3efa82a664035a4ba4530f7611970fc) Importer(2089858483,b0f066a214c2f5e87bad3c948f4d605d) (ScriptedImporter) -> (artifact id: '8a52dcc728e4f4363f263cf3735bb2da') in 0.0142008 seconds
Number of updated asset objects reloaded before import = 0Number of asset objects unloaded after import = 1

